C:\Users\mohab>cd desktop

C:\Users\mohab\Desktop>git clone https://github.com/mohabtarek96/mohabRepo.git
Cloning into 'mohabRepo'...
warning: You appear to have cloned an empty repository.

C:\Users\mohab\Desktop>git status
fatal: Not a git repository (or any of the parent directories): .git

C:\Users\mohab\Desktop>cd mohabRepo

C:\Users\mohab\Desktop\mohabRepo>git status
On branch master

No commits yet

Untracked files:
  (use "git add <file>..." to include in what will be committed)

        first file
        second file
        third file

nothing added to commit but untracked files present (use "git add" to track)

C:\Users\mohab\Desktop\mohabRepo>git add first file
fatal: pathspec 'first' did not match any files

C:\Users\mohab\Desktop\mohabRepo>git add first file.txt
fatal: pathspec 'first' did not match any files

C:\Users\mohab\Desktop\mohabRepo>git add .first file.txt
fatal: pathspec '.first' did not match any files

C:\Users\mohab\Desktop\mohabRepo>git add .first_file
fatal: pathspec '.first_file' did not match any files

C:\Users\mohab\Desktop\mohabRepo>git add first_file.txt

C:\Users\mohab\Desktop\mohabRepo>git add second_file.txt

C:\Users\mohab\Desktop\mohabRepo>git add third_file.txt

C:\Users\mohab\Desktop\mohabRepo>git rm second_file.txt --cached
rm 'second_file.txt'

C:\Users\mohab\Desktop\mohabRepo>git add second_file.txt

C:\Users\mohab\Desktop\mohabRepo>git commit -m "Changed"

*** Please tell me who you are.

Run

  git config --global user.email "you@example.com"
  git config --global user.name "Your Name"

to set your account's default identity.
Omit --global to set the identity only in this repository.

fatal: unable to auto-detect email address (got 'mohab@DESKTOP-8SNTP86.(none)')

C:\Users\mohab\Desktop\mohabRepo>git config --global user.email "mohab_tarek@rocketmail.com"

C:\Users\mohab\Desktop\mohabRepo> git config --global user.name "Mohabtarek96"

C:\Users\mohab\Desktop\mohabRepo>git commit -m "Changed"
[master (root-commit) 83913dd] Changed
 3 files changed, 65 insertions(+)
 create mode 100644 first_file.txt
 create mode 100644 second_file.txt
 create mode 100644 third_file.txt

C:\Users\mohab\Desktop\mohabRepo>git push
Counting objects: 5, done.
Delta compression using up to 4 threads.
Compressing objects: 100% (5/5), done.
Writing objects: 100% (5/5), 2.13 KiB | 1.06 MiB/s, done.
Total 5 (delta 0), reused 0 (delta 0)
To https://github.com/mohabtarek96/mohabRepo.git
 * [new branch]      master -> master

C:\Users\mohab\Desktop\mohabRepo>git checkout ReadMe
error: pathspec 'ReadMe' did not match any file(s) known to git.

C:\Users\mohab\Desktop\mohabRepo>git push origin master
Everything up-to-date

C:\Users\mohab\Desktop\mohabRepo>git branch ReadMe

C:\Users\mohab\Desktop\mohabRepo>git checkout ReadMe
Switched to branch 'ReadMe'

C:\Users\mohab\Desktop\mohabRepo>git add README.md

C:\Users\mohab\Desktop\mohabRepo>git commit -m "Commited readme file"
[ReadMe fad8a9d] Commited readme file
 1 file changed, 5 insertions(+)
 create mode 100644 README.md

C:\Users\mohab\Desktop\mohabRepo>git pul origin master
git: 'pul' is not a git command. See 'git --help'.

The most similar commands are
        pull
        push

C:\Users\mohab\Desktop\mohabRepo>git pull origin master
From https://github.com/mohabtarek96/mohabRepo
 * branch            master     -> FETCH_HEAD
Already up to date.

C:\Users\mohab\Desktop\mohabRepo>git checkout master
Switched to branch 'master'
Your branch is up to date with 'origin/master'.

C:\Users\mohab\Desktop\mohabRepo>git merge ReadMe
Updating 83913dd..fad8a9d
Fast-forward
 README.md | 5 +++++
 1 file changed, 5 insertions(+)
 create mode 100644 README.md
